// Vitest Snapshot v1, https://vitest.dev/guide/snapshot.html

exports[`<CSGORaffle /> > should render and match the snapshot 1`] = `
<div
  class="dialog-root"
>
  <button
    aria-label="stop the raffle immediately"
    class="dialog-backdrop"
    type="button"
  />
  <div
    class="raffle-dialog"
  >
    <div
      class="roller-box"
    >
      <div
        class="roller-needle"
      />
      <table>
        <tbody>
          <tr
            class="roller-movable"
            style="left: 0px; transition-duration: 7s;"
          >
            <td>
              <div
                class="roller-cell"
              >
                <img
                  alt="logo"
                />
                <span
                  class="roller-label"
                />
              </div>
            </td>
            <td>
              <div
                class="roller-cell"
              >
                <img
                  alt="logo"
                />
                <span
                  class="roller-label"
                />
              </div>
            </td>
            <td>
              <div
                class="roller-cell"
              >
                <img
                  alt="logo"
                />
                <span
                  class="roller-label"
                />
              </div>
            </td>
            <td>
              <div
                class="roller-cell"
              >
                <img
                  alt="logo"
                />
                <span
                  class="roller-label"
                />
              </div>
            </td>
            <td>
              <div
                class="roller-cell"
              >
                <img
                  alt="logo"
                />
                <span
                  class="roller-label"
                />
              </div>
            </td>
            <td>
              <div
                class="roller-cell"
              >
                <img
                  alt="logo"
                />
                <span
                  class="roller-label"
                />
              </div>
            </td>
            <td>
              <div
                class="roller-cell"
              >
                <img
                  alt="logo"
                />
                <span
                  class="roller-label"
                />
              </div>
            </td>
            <td>
              <div
                class="roller-cell"
              >
                <img
                  alt="logo"
                />
                <span
                  class="roller-label"
                />
              </div>
            </td>
            <td>
              <div
                class="roller-cell"
              >
                <img
                  alt="logo"
                />
                <span
                  class="roller-label"
                />
              </div>
            </td>
            <td>
              <div
                class="roller-cell"
              >
                <img
                  alt="logo"
                />
                <span
                  class="roller-label"
                />
              </div>
            </td>
            <td>
              <div
                class="roller-cell"
              >
                <img
                  alt="logo"
                />
                <span
                  class="roller-label"
                />
              </div>
            </td>
            <td>
              <div
                class="roller-cell"
              >
                <img
                  alt="logo"
                />
                <span
                  class="roller-label"
                />
              </div>
            </td>
            <td>
              <div
                class="roller-cell"
              >
                <img
                  alt="logo"
                />
                <span
                  class="roller-label"
                />
              </div>
            </td>
            <td>
              <div
                class="roller-cell"
              >
                <img
                  alt="logo"
                />
                <span
                  class="roller-label"
                />
              </div>
            </td>
            <td>
              <div
                class="roller-cell"
              >
                <img
                  alt="logo"
                />
                <span
                  class="roller-label"
                />
              </div>
            </td>
            <td>
              <div
                class="roller-cell"
              >
                <img
                  alt="logo"
                />
                <span
                  class="roller-label"
                />
              </div>
            </td>
            <td>
              <div
                class="roller-cell"
              >
                <img
                  alt="logo"
                />
                <span
                  class="roller-label"
                />
              </div>
            </td>
            <td>
              <div
                class="roller-cell"
              >
                <img
                  alt="logo"
                />
                <span
                  class="roller-label"
                />
              </div>
            </td>
            <td>
              <div
                class="roller-cell"
              >
                <img
                  alt="logo"
                />
                <span
                  class="roller-label"
                />
              </div>
            </td>
            <td>
              <div
                class="roller-cell"
              >
                <img
                  alt="logo"
                />
                <span
                  class="roller-label"
                />
              </div>
            </td>
            <td>
              <div
                class="roller-cell"
              >
                <img
                  alt="logo"
                />
                <span
                  class="roller-label"
                />
              </div>
            </td>
            <td>
              <div
                class="roller-cell"
              >
                <img
                  alt="logo"
                />
                <span
                  class="roller-label"
                />
              </div>
            </td>
            <td>
              <div
                class="roller-cell"
              >
                <img
                  alt="logo"
                />
                <span
                  class="roller-label"
                />
              </div>
            </td>
            <td>
              <div
                class="roller-cell"
              >
                <img
                  alt="logo"
                />
                <span
                  class="roller-label"
                />
              </div>
            </td>
            <td>
              <div
                class="roller-cell"
              >
                <img
                  alt="logo"
                />
                <span
                  class="roller-label"
                />
              </div>
            </td>
            <td>
              <div
                class="roller-cell"
              >
                <img
                  alt="logo"
                />
                <span
                  class="roller-label"
                />
              </div>
            </td>
            <td>
              <div
                class="roller-cell"
              >
                <img
                  alt="logo"
                />
                <span
                  class="roller-label"
                />
              </div>
            </td>
            <td>
              <div
                class="roller-cell"
              >
                <img
                  alt="logo"
                />
                <span
                  class="roller-label"
                />
              </div>
            </td>
            <td>
              <div
                class="roller-cell"
              >
                <img
                  alt="logo"
                />
                <span
                  class="roller-label"
                />
              </div>
            </td>
            <td>
              <div
                class="roller-cell"
              >
                <img
                  alt="logo"
                />
                <span
                  class="roller-label"
                />
              </div>
            </td>
            <td>
              <div
                class="roller-cell"
              >
                <img
                  alt="logo"
                />
                <span
                  class="roller-label"
                />
              </div>
            </td>
            <td>
              <div
                class="roller-cell"
              >
                <img
                  alt="logo"
                />
                <span
                  class="roller-label"
                />
              </div>
            </td>
            <td>
              <div
                class="roller-cell"
              >
                <img
                  alt="logo"
                />
                <span
                  class="roller-label"
                />
              </div>
            </td>
            <td>
              <div
                class="roller-cell"
              >
                <img
                  alt="logo"
                />
                <span
                  class="roller-label"
                />
              </div>
            </td>
            <td>
              <div
                class="roller-cell"
              >
                <img
                  alt="logo"
                />
                <span
                  class="roller-label"
                />
              </div>
            </td>
            <td>
              <div
                class="roller-cell"
              >
                <img
                  alt="logo"
                />
                <span
                  class="roller-label"
                />
              </div>
            </td>
            <td>
              <div
                class="roller-cell"
              >
                <img
                  alt="logo"
                />
                <span
                  class="roller-label"
                />
              </div>
            </td>
            <td>
              <div
                class="roller-cell"
              >
                <img
                  alt="logo"
                />
                <span
                  class="roller-label"
                />
              </div>
            </td>
            <td>
              <div
                class="roller-cell"
              >
                <img
                  alt="logo"
                />
                <span
                  class="roller-label"
                />
              </div>
            </td>
            <td>
              <div
                class="roller-cell"
              >
                <img
                  alt="logo"
                />
                <span
                  class="roller-label"
                />
              </div>
            </td>
            <td>
              <div
                class="roller-cell"
              >
                <img
                  alt="logo"
                />
                <span
                  class="roller-label"
                />
              </div>
            </td>
            <td>
              <div
                class="roller-cell"
              >
                <img
                  alt="logo"
                />
                <span
                  class="roller-label"
                />
              </div>
            </td>
            <td>
              <div
                class="roller-cell"
              >
                <img
                  alt="logo"
                />
                <span
                  class="roller-label"
                />
              </div>
            </td>
            <td>
              <div
                class="roller-cell"
              >
                <img
                  alt="logo"
                />
                <span
                  class="roller-label"
                />
              </div>
            </td>
            <td>
              <div
                class="roller-cell"
              >
                <img
                  alt="logo"
                />
                <span
                  class="roller-label"
                />
              </div>
            </td>
            <td>
              <div
                class="roller-cell"
              >
                <img
                  alt="logo"
                />
                <span
                  class="roller-label"
                />
              </div>
            </td>
            <td>
              <div
                class="roller-cell"
              >
                <img
                  alt="logo"
                />
                <span
                  class="roller-label"
                />
              </div>
            </td>
            <td>
              <div
                class="roller-cell"
              >
                <img
                  alt="logo"
                />
                <span
                  class="roller-label"
                />
              </div>
            </td>
            <td>
              <div
                class="roller-cell"
              >
                <img
                  alt="logo"
                />
                <span
                  class="roller-label"
                />
              </div>
            </td>
            <td>
              <div
                class="roller-cell"
              >
                <img
                  alt="logo"
                />
                <span
                  class="roller-label"
                />
              </div>
            </td>
            <td>
              <div
                class="roller-cell"
              >
                <img
                  alt="logo"
                />
                <span
                  class="roller-label"
                />
              </div>
            </td>
          </tr>
        </tbody>
      </table>
    </div>
    <span
      class="raffle-winner"
      style="animation-delay: 7.1s;"
    />
  </div>
</div>
`;
