// Jest Snapshot v1, https://goo.gl/fbAQLP

exports[`<WelcomeDialog /> should render and match the snapshot 1`] = `
<WelcomeDialog__WelcomePage>
  <WelcomeDialog__DialogWrapper>
    <WelcomeDialog__Dialog>
      <WelcomeDialog__DialogTitle>
        <FormattedMessage
          defaultMessage="Choose stream"
          id="streamchange.components.WelcomeDialog.title"
          values={Object {}}
        />
      </WelcomeDialog__DialogTitle>
      <WelcomeDialog__DialogContent>
        <FormattedMessage
          defaultMessage="Paste stream url"
          id="streamchange.components.WelcomeDialog.videoInput.label"
          values={Object {}}
        >
          [Function]
        </FormattedMessage>
        <WelcomeDialog__TextSecondary>
          <span
            style={
              Object {
                "fontSize": "0.8rem",
              }
            }
          >
            <FormattedMessage
              defaultMessage="Example: https://www.youtube.com/watch?v=CBUBY45me_A"
              id="streamchange.components.WelcomeDialog.example"
              values={Object {}}
            />
          </span>
        </WelcomeDialog__TextSecondary>
      </WelcomeDialog__DialogContent>
      <WelcomeDialog__DialogActions>
        <WithStyles(ForwardRef(Button))
          color="primary"
          onClick={[Function]}
        >
          <FormattedMessage
            defaultMessage="OK"
            id="streamchange.components.WelcomeDialog.saveBtn"
            values={Object {}}
          />
        </WithStyles(ForwardRef(Button))>
      </WelcomeDialog__DialogActions>
    </WelcomeDialog__Dialog>
    <WelcomeHint />
  </WelcomeDialog__DialogWrapper>
</WelcomeDialog__WelcomePage>
`;
