// Jest Snapshot v1, https://goo.gl/fbAQLP

exports[`<WelcomeDialog /> should render and match the snapshot 1`] = `
<styled.div>
  <styled.div>
    <styled.div>
      <styled.div>
        <FormattedMessage
          defaultMessage="Choose stream"
          id="streamchange.components.WelcomeDialog.title"
          values={Object {}}
        />
      </styled.div>
      <styled.div>
        <FormattedMessage
          defaultMessage="Paste stream url"
          id="streamchange.components.WelcomeDialog.videoInput.label"
          values={Object {}}
        >
          [Function]
        </FormattedMessage>
        <styled.div>
          <span
            style={
              Object {
                "fontSize": "0.8rem",
              }
            }
          >
            <FormattedMessage
              defaultMessage="Example: https://www.youtube.com/watch?v=CBUBY45me_A"
              id="streamchange.components.WelcomeDialog.example"
              values={Object {}}
            />
          </span>
        </styled.div>
      </styled.div>
      <styled.div>
        <WithStyles(ForwardRef(Button))
          color="primary"
          onClick={[Function]}
        >
          <FormattedMessage
            defaultMessage="OK"
            id="streamchange.components.WelcomeDialog.saveBtn"
            values={Object {}}
          />
        </WithStyles(ForwardRef(Button))>
      </styled.div>
    </styled.div>
    <WelcomeHint />
  </styled.div>
  <CookieConsent />
</styled.div>
`;
