// Jest Snapshot v1, https://goo.gl/fbAQLP

exports[`<ColorPicker /> should render and match the snapshot 1`] = `
<div
  className="color-picker-wrapper"
>
  <div
    className="color-picker-label"
  />
  <styled.button
    aria-label="toggle picker"
    className="color-picker-button"
    onClick={[Function]}
    style={
      Object {
        "backgroundColor": undefined,
      }
    }
    type="button"
  >
    <span
      className="border border-initial"
    />
    <svg
      className="border border-hover"
      fill="none"
    >
      <circle
        cx="50%"
        cy="50%"
        pathLength="1"
        r="32.5"
      />
    </svg>
  </styled.button>
</div>
`;
