// Vitest Snapshot v1, https://vitest.dev/guide/snapshot.html

exports[`<ColorPicker /> > should render and match the snapshot 1`] = `
<div
  class="color-picker-wrapper"
>
  <div
    class="color-picker-label"
  />
  <button
    aria-label="toggle picker"
    class="sc-bdvvNz cRfdsN color-picker-button"
    style="background-color: rgb(0, 0, 0);"
    type="button"
  >
    <span
      class="border border-initial"
    />
    <svg
      class="border border-hover"
      fill="none"
    >
      <circle
        cx="50%"
        cy="50%"
        pathLength="1"
        r="32.5"
      />
    </svg>
  </button>
</div>
`;
