// Vitest Snapshot v1, https://vitest.dev/guide/snapshot.html

exports[`<WelcomeHint /> > should render and match the snapshot 1`] = `
<div
  class="sc-jRQzZg fexlVG"
>
  <div
    class="sc-dkPvMp fcYjaP"
  >
    <button
      class="sc-eCIkhf iGGnev"
    >
      <span
        class="sr-only"
      >
        Draw another curiosity
      </span>
      <img
        alt="light bulb"
        aria-hidden="true"
        src="/src/components/WelcomeDialog/assets/light-bulb.webp"
      />
    </button>
    <div>
      <span
        class="sc-gsDLFA hSXyRV"
      >
        Did you know...
      </span>
      <span
        class="sc-bdvvNz ggHsyB"
      >
        hint1
      </span>
    </div>
  </div>
</div>
`;
