// Jest Snapshot v1, https://goo.gl/fbAQLP

exports[`<WelcomeHint /> should render and match the snapshot 1`] = `
<styled.div>
  <styled.div>
    <styled.button
      onClick={[Function]}
    >
      <span
        className="sr-only"
      >
        <Memo(MemoizedFormattedMessage)
          defaultMessage="Draw another curiosity"
          id="streamchange.components.WelcomeDialog.WelcomeHint.button.label"
        />
      </span>
      <img
        alt="light bulb"
        aria-hidden="true"
        src="IMAGE_MOCK"
      />
    </styled.button>
    <div>
      <styled.span>
        <Memo(MemoizedFormattedMessage)
          defaultMessage="Did you know..."
          id="streamchange.components.WelcomeDialog.WelcomeHint.title"
        />
      </styled.span>
      <styled.span>
        
      </styled.span>
    </div>
  </styled.div>
</styled.div>
`;
