// Jest Snapshot v1, https://goo.gl/fbAQLP

exports[`<RaffleWrapper /> should render and match the snapshot 1`] = `
<div>
  <div
    className="MuiFormControl-root RaffleWrapper__StyledFormControl-emso03-1 hJudSC MuiFormControl-marginNormal"
  >
    <label
      className="MuiFormLabel-root MuiInputLabel-root MuiInputLabel-formControl MuiInputLabel-animated MuiInputLabel-shrink MuiFormLabel-filled"
      data-shrink={true}
      id="animation-select"
    >
      <span>
        Animation
      </span>
    </label>
    <div
      className="MuiInputBase-root MuiInput-root MuiInput-underline MuiInputBase-formControl MuiInput-formControl"
      onClick={[Function]}
    >
      <div
        aria-haspopup="listbox"
        className="MuiSelect-root MuiSelect-select MuiSelect-selectMenu MuiInputBase-input MuiInput-input"
        onBlur={[Function]}
        onFocus={[Function]}
        onKeyDown={[Function]}
        onMouseDown={[Function]}
        role="button"
        tabIndex={0}
      >
        <span>
          CS:GO case opening
        </span>
      </div>
      <input
        aria-hidden={true}
        className="MuiSelect-nativeInput"
        onAnimationStart={[Function]}
        onChange={[Function]}
        required={false}
        tabIndex={-1}
        value={0}
      />
      <svg
        aria-hidden={true}
        className="MuiSvgIcon-root MuiSelect-icon"
        focusable="false"
        viewBox="0 0 24 24"
      >
        <path
          d="M7 10l5 5 5-5z"
        />
      </svg>
    </div>
  </div>
  <div
    className="NumericInput__Container-sc-2ueyqw-0 eNCQqt"
  >
    <div
      className="NumericInput__Label-sc-2ueyqw-1 dNgzEf"
    >
      Animation duration (seconds)
    </div>
    <button
      className="NumericInput__Button-sc-2ueyqw-2 egZSpV"
      onClick={[Function]}
      type="button"
    >
      -
    </button>
    <input
      className="NumericInput__NumberDisplay-sc-2ueyqw-3 hBwKoe"
      onBlur={[Function]}
      onChange={[Function]}
      value={7}
    />
    <button
      className="NumericInput__Button-sc-2ueyqw-2 ioDaXV"
      onClick={[Function]}
      type="button"
    >
      +
    </button>
  </div>
  <button
    className="RaffleWrapper__StartButton-emso03-0 ffgcbq"
    disabled={false}
    onClick={[Function]}
    type="button"
  >
    <span>
      Roll it!
    </span>
  </button>
</div>
`;
