// Jest Snapshot v1, https://goo.gl/fbAQLP

exports[`<RaffleWrapper /> should render and match the snapshot 1`] = `
<div>
  <FormattedMessage
    defaultMessage="Animation duration (seconds)"
    id="streamchange.components.RaffleWrapper.animationDuration"
    values={Object {}}
  >
    [Function]
  </FormattedMessage>
  <ForwardRef
    disabled={false}
    onClick={[Function]}
    type="button"
  >
    <FormattedMessage
      defaultMessage="Roll it!"
      id="streamchange.components.RaffleWrapper.startBtn"
      values={Object {}}
    />
  </ForwardRef>
</div>
`;
