// Jest Snapshot v1, https://goo.gl/fbAQLP

exports[`<HistoryPage /> should render and match the snapshot 1`] = `
<styled.div>
  <WithStyles(ForwardRef(LinearProgress)) />
  <div
    style={
      Object {
        "fontSize": "2vw",
        "left": "55%",
        "position": "absolute",
        "textAlign": "center",
        "top": "50%",
        "transform": "translate(-50%, -50%)",
      }
    }
  >
    <FormattedMessage
      defaultMessage="Loading history"
      id="streamchange.containers.History.info.loading"
      values={Object {}}
    />
  </div>
</styled.div>
`;
