// Jest Snapshot v1, https://goo.gl/fbAQLP

exports[`<WelcomeHint /> should render and match the snapshot 1`] = `
<styled.div>
  <styled.div>
    <styled.button
      onClick={[Function]}
    >
      <img
        alt="light bulb"
        src="IMAGE_MOCK"
      />
    </styled.button>
    <div>
      <styled.span>
        <FormattedMessage
          defaultMessage="Did you know..."
          id="streamchange.components.WelcomeDialog.WelcomeHint.title"
          values={Object {}}
        />
      </styled.span>
      <styled.span>
        
      </styled.span>
    </div>
  </styled.div>
</styled.div>
`;
