// Vitest Snapshot v1, https://vitest.dev/guide/snapshot.html

exports[`<NotFoundPage /> > should render and match the snapshot 1`] = `
<h1>
  This is the NotFoundPage container!
</h1>
`;

exports[`<NotFoundPage /> should render and match the snapshot 1`] = `
<h1>
  This is the NotFoundPage container!
</h1>
`;
