// Jest Snapshot v1, https://goo.gl/fbAQLP

exports[`<NumericInput /> should render and match the snapshot 1`] = `
<NumericInput__Container>
  <NumericInput__Label />
  <NumericInput__Button
    left="true"
    onClick={[Function]}
    type="button"
  >
    -
  </NumericInput__Button>
  <NumericInput__NumberDisplay
    onBlur={[Function]}
    onChange={[Function]}
    value={0}
  />
  <NumericInput__Button
    onClick={[Function]}
    type="button"
  >
    +
  </NumericInput__Button>
</NumericInput__Container>
`;
