// Vitest Snapshot v1, https://vitest.dev/guide/snapshot.html

exports[`<AdFrame /> > should render and match the snapshot 1`] = `
<div>
  <div
    class="sc-crHjuH gRkRQf"
  >
    <span>
      This is a place for your advertisement. Prices starts from 10 PLN per day. Your ad will reach thousands of viewers.
    </span>
    <button
      class="MuiButtonBase-root MuiButton-root MuiButton-text MuiButton-sizeMedium MuiButton-colorPrimary css-1uent87-MuiButtonBase-root-MuiButton-root"
      tabindex="0"
      type="button"
    >
      Show the details
    </button>
  </div>
</div>
`;
