// Jest Snapshot v1, https://goo.gl/fbAQLP

exports[`<PromotedChannel /> should render and match the snapshot 1`] = `
<styled.div>
  <styled.span>
    <Memo(MemoizedFormattedMessage)
      defaultMessage="Advertisement"
      id="streamchange.components.AdFrame.title"
    />
  </styled.span>
  <styled.div>
    <a
      href="https://www.youtube.com/channel/UC3GumCi7taJQ0wWbKK-hR2w"
      target="_blank"
    >
      <styled.img
        src="https://yt3.ggpht.com/ytc/AAUvwnjMKD2nkjne8W3-jn2yCf-lOdD2P1wTJ0Q_G9X72w=s88-c-k-c0x00ffffff-no-rj"
      />
    </a>
    <div>
      <styled.a
        href="https://www.youtube.com/channel/UC3GumCi7taJQ0wWbKK-hR2w"
        target="_blank"
      />
      <div />
    </div>
  </styled.div>
</styled.div>
`;
