// Vitest Snapshot v1, https://vitest.dev/guide/snapshot.html

exports[`<WinnerView /> > should render and match the snapshot 1`] = `
<div
  class="sc-jrQAHW bRFBEe"
>
  <h2
    class="sc-bdvvNz eVrfTm"
  >
    Winner
  </h2>
  <span>
    Loading...
  </span>
  <button
    class="sc-eggEi bPAHjs"
    type="button"
  >
    Return
  </button>
</div>
`;
