// Jest Snapshot v1, https://goo.gl/fbAQLP

exports[`<GiveawayRules /> should render and match the snapshot 1`] = `
<ForwardRef>
  <ForwardRef>
    Zasady losowania
  </ForwardRef>
  <ForwardRef
    active={true}
    name="forMods"
    onClick={[Function]}
    type="button"
  >
    Moderatorzy
  </ForwardRef>
  <ForwardRef
    active={true}
    name="forSponsors"
    onClick={[Function]}
    type="button"
  >
    Sponsorzy
  </ForwardRef>
  <ForwardRef
    active={true}
    name="forRegulars"
    onClick={[Function]}
    type="button"
  >
    Zwykli użytkownicy
  </ForwardRef>
  <ForwardRef
    autoFocus={true}
    fullWidth={true}
    label="Nagroda (opcjonalne)"
    margin="dense"
    name="prize"
    onChange={[Function]}
    type="text"
    value=""
  />
  <KeywordInput />
  <RaffleWrapper
    onWin={[Function]}
  />
</ForwardRef>
`;
