// Jest Snapshot v1, https://goo.gl/fbAQLP

exports[`<GiveawayRules /> should render and match the snapshot 1`] = `
<ForwardRef>
  <ForwardRef>
    <FormattedMessage
      defaultMessage="Giveaway rules"
      id="streamchange.components.GiveawayRules.title"
      values={Object {}}
    />
  </ForwardRef>
  <ForwardRef
    active={true}
    name="forMods"
    onClick={[Function]}
    type="button"
  >
    <FormattedMessage
      defaultMessage="Moderators"
      id="streamchange.components.GiveawayRules.moderators"
      values={Object {}}
    />
  </ForwardRef>
  <ForwardRef
    active={true}
    name="forSponsors"
    onClick={[Function]}
    type="button"
  >
    <FormattedMessage
      defaultMessage="Sponsors"
      id="streamchange.components.GiveawayRules.sponsors"
      values={Object {}}
    />
  </ForwardRef>
  <ForwardRef
    active={true}
    name="forRegulars"
    onClick={[Function]}
    type="button"
  >
    <FormattedMessage
      defaultMessage="Regulars"
      id="streamchange.components.GiveawayRules.regulars"
      values={Object {}}
    />
  </ForwardRef>
  <FormattedMessage
    defaultMessage="Prize (optional)"
    id="streamchange.components.GiveawayRules.prize"
    values={Object {}}
  >
    [Function]
  </FormattedMessage>
  <KeywordInput />
  <Memo(Connect(RaffleWrapper))
    onWin={[Function]}
  />
</ForwardRef>
`;
