// Jest Snapshot v1, https://goo.gl/fbAQLP

exports[`<UserList /> should render and match the snapshot 1`] = `
<ForwardRef>
  <ForwardRef>
    Uczestnicy
  </ForwardRef>
  <ForwardRef(WithStyles)
    autoFocus={true}
    fullWidth={true}
    label="Wyszukaj"
    margin="dense"
    name="search"
    onChange={[Function]}
    type="text"
    value=""
  />
  <ForwardRef />
  <ForwardRef(WithStyles)
    color="primary"
    onClick={[Function]}
  >
    Wyczyść listę
  </ForwardRef(WithStyles)>
</ForwardRef>
`;
