// Jest Snapshot v1, https://goo.gl/fbAQLP

exports[`<UserList /> should render and match the snapshot 1`] = `
<ForwardRef>
  <ForwardRef>
    Uczestnicy
  </ForwardRef>
  <ForwardRef
    autoFocus={true}
    fullWidth={true}
    label="Wyszukaj"
    margin="dense"
    name="search"
    onChange={[Function]}
    type="text"
    value=""
  />
  <ForwardRef />
  <ForwardRef
    onClick={[Function]}
  >
    Wyczyść listę
  </ForwardRef>
  <ForwardRef>
    Bierze udział
     
    0
     z
     
    0
  </ForwardRef>
</ForwardRef>
`;
