// Jest Snapshot v1, https://goo.gl/fbAQLP

exports[`<UserList /> should render and match the snapshot 1`] = `
<UserList__UserListPanel>
  <PanelTitle>
    <FormattedMessage
      defaultMessage="Users"
      id="streamchange.components.UserList.title"
      values={Object {}}
    />
  </PanelTitle>
  <FormattedMessage
    defaultMessage="Search"
    id="streamchange.components.UserList.search.placeholder"
    values={Object {}}
  >
    [Function]
  </FormattedMessage>
  <UserList__Ul />
  <UserList__StyledButton
    onClick={[Function]}
  >
    <FormattedMessage
      defaultMessage="Clear all"
      id="streamchange.components.UserList.clearBtn"
      values={Object {}}
    />
  </UserList__StyledButton>
  <UserList__Counts>
    <FormattedMessage
      defaultMessage="{selected} out of {all} are participating"
      id="streamchange.components.UserList.counter"
      values={
        Object {
          "all": 0,
          "selected": 0,
        }
      }
    />
  </UserList__Counts>
</UserList__UserListPanel>
`;
