// Vitest Snapshot v1, https://vitest.dev/guide/snapshot.html

exports[`<GiveawayRules /> > should render and match the snapshot 1`] = `
<div
  class="sc-gsMGyr htatgc"
>
  <h2
    class="sc-dkHxwO hPCwfo"
  >
    Giveaway rules
  </h2>
  <div
    class="MuiFormControl-root MuiFormControl-marginNormal sc-eDgbZQ fCpQLC css-15nqhxc-MuiFormControl-root"
  >
    <label
      class="MuiFormLabel-root MuiInputLabel-root MuiInputLabel-formControl MuiInputLabel-animated MuiInputLabel-shrink MuiInputLabel-outlined MuiFormLabel-colorPrimary MuiFormLabel-filled MuiInputLabel-root MuiInputLabel-formControl MuiInputLabel-animated MuiInputLabel-shrink MuiInputLabel-outlined css-113d811-MuiFormLabel-root-MuiInputLabel-root"
      data-shrink="true"
      id="user-type-select"
    >
      Who can participate in raffle
    </label>
    <div
      class="MuiInputBase-root MuiInput-root MuiInput-underline MuiInputBase-colorPrimary MuiInputBase-formControl MuiSelect-root css-1x351wq-MuiInputBase-root-MuiInput-root-MuiSelect-root"
    >
      <div
        aria-expanded="false"
        aria-haspopup="listbox"
        aria-labelledby="user-type-select"
        class="MuiSelect-select MuiSelect-standard MuiInputBase-input MuiInput-input css-unhb03-MuiNativeSelect-root-MuiSelect-select-MuiInputBase-input-MuiInput-input"
        role="combobox"
        tabindex="0"
      >
        All viewers
      </div>
      <input
        aria-hidden="true"
        aria-invalid="false"
        class="MuiSelect-nativeInput css-j0riat-MuiSelect-nativeInput"
        id="_r_1_"
        tabindex="-1"
        value="0"
      />
      <svg
        aria-hidden="true"
        class="MuiSvgIcon-root MuiSvgIcon-fontSizeMedium MuiSelect-icon css-ug7h84-MuiSvgIcon-root-MuiNativeSelect-root-MuiSelect-icon"
        data-testid="ArrowDropDownIcon"
        focusable="false"
        viewBox="0 0 24 24"
      >
        <path
          d="M7 10l5 5 5-5z"
        />
      </svg>
    </div>
  </div>
  <div
    class="MuiFormControl-root MuiFormControl-marginDense MuiFormControl-fullWidth MuiTextField-root sc-hLllbt cqcowI css-xanwcj-MuiFormControl-root-MuiTextField-root"
  >
    <label
      class="MuiFormLabel-root MuiInputLabel-root MuiInputLabel-formControl MuiInputLabel-animated MuiInputLabel-shrink MuiInputLabel-standard MuiFormLabel-colorPrimary Mui-focused MuiInputLabel-root MuiInputLabel-formControl MuiInputLabel-animated MuiInputLabel-shrink MuiInputLabel-standard css-1ew92b2-MuiFormLabel-root-MuiInputLabel-root"
      data-shrink="true"
      for="_r_2_"
      id="_r_2_-label"
    >
      Prize (optional)
    </label>
    <div
      class="MuiInputBase-root MuiInput-root MuiInput-underline MuiInputBase-colorPrimary MuiInputBase-fullWidth Mui-focused MuiInputBase-formControl css-1ob4rtt-MuiInputBase-root-MuiInput-root"
    >
      <input
        aria-invalid="false"
        class="MuiInputBase-input MuiInput-input css-1yrc8ca-MuiInputBase-input-MuiInput-input"
        id="_r_2_"
        name="prize"
        type="text"
        value=""
      />
    </div>
  </div>
  <div
    aria-label="keyword"
    class="MuiFormControl-root MuiFormControl-marginDense MuiFormControl-fullWidth MuiTextField-root sc-hLllbt cqcowI css-xanwcj-MuiFormControl-root-MuiTextField-root"
    data-mui-internal-clone-element="true"
    inputprops="[object Object]"
  >
    <label
      class="MuiFormLabel-root MuiInputLabel-root MuiInputLabel-formControl MuiInputLabel-animated MuiInputLabel-standard MuiFormLabel-colorPrimary MuiInputLabel-root MuiInputLabel-formControl MuiInputLabel-animated MuiInputLabel-standard css-2hy7sk-MuiFormLabel-root-MuiInputLabel-root"
      data-shrink="false"
      for="keyword"
      id="keyword-label"
    >
      Keyword
    </label>
    <div
      class="MuiInputBase-root MuiInput-root MuiInput-underline MuiInputBase-colorPrimary MuiInputBase-fullWidth MuiInputBase-formControl css-1ob4rtt-MuiInputBase-root-MuiInput-root"
    >
      <input
        aria-invalid="false"
        class="MuiInputBase-input MuiInput-input css-1yrc8ca-MuiInputBase-input-MuiInput-input"
        id="keyword"
        name="keyword"
        type="text"
        value=""
      />
    </div>
  </div>
  <div>
    <div
      class="MuiFormControl-root MuiFormControl-marginNormal sc-eDgbZQ fCpQLC css-15nqhxc-MuiFormControl-root"
    >
      <label
        class="MuiFormLabel-root MuiInputLabel-root MuiInputLabel-formControl MuiInputLabel-animated MuiInputLabel-shrink MuiInputLabel-outlined MuiFormLabel-colorPrimary MuiFormLabel-filled MuiInputLabel-root MuiInputLabel-formControl MuiInputLabel-animated MuiInputLabel-shrink MuiInputLabel-outlined css-113d811-MuiFormLabel-root-MuiInputLabel-root"
        data-shrink="true"
        id="animation-select"
      >
        Animation
      </label>
      <div
        class="MuiInputBase-root MuiInput-root MuiInput-underline MuiInputBase-colorPrimary MuiInputBase-formControl MuiSelect-root css-1x351wq-MuiInputBase-root-MuiInput-root-MuiSelect-root"
      >
        <div
          aria-expanded="false"
          aria-haspopup="listbox"
          class="MuiSelect-select MuiSelect-standard MuiInputBase-input MuiInput-input css-unhb03-MuiNativeSelect-root-MuiSelect-select-MuiInputBase-input-MuiInput-input"
          role="combobox"
          tabindex="0"
        >
          Reel
        </div>
        <input
          aria-hidden="true"
          aria-invalid="false"
          class="MuiSelect-nativeInput css-j0riat-MuiSelect-nativeInput"
          id="_r_6_"
          tabindex="-1"
          value="2"
        />
        <svg
          aria-hidden="true"
          class="MuiSvgIcon-root MuiSvgIcon-fontSizeMedium MuiSelect-icon css-ug7h84-MuiSvgIcon-root-MuiNativeSelect-root-MuiSelect-icon"
          data-testid="ArrowDropDownIcon"
          focusable="false"
          viewBox="0 0 24 24"
        >
          <path
            d="M7 10l5 5 5-5z"
          />
        </svg>
      </div>
    </div>
    <button
      class="MuiButtonBase-root MuiButton-root MuiButton-text MuiButton-sizeSmall MuiButton-colorPrimary sc-dHPFqY kmYpOS css-1ccsd5i-MuiButtonBase-root-MuiButton-root"
      tabindex="0"
      type="button"
    >
      <span
        class="MuiButton-icon MuiButton-startIcon css-t70kls-MuiButton-startIcon"
      >
        <svg
          class="sc-fnqnQZ dtfzlz"
          viewBox="0 0 24 24"
          xmlns="http://www.w3.org/2000/svg"
        >
          <path
            d="M11 18h2v-2h-2v2zm1-16C6.48 2 2 6.48 2 12s4.48 10 10 10 10-4.48 10-10S17.52 2 12 2zm0 18c-4.41 0-8-3.59-8-8s3.59-8 8-8 8 3.59 8 8-3.59 8-8 8zm0-14c-2.21 0-4 1.79-4 4h2c0-1.1.9-2 2-2s2 .9 2 2c0 2-3 1.75-3 5h2c0-2.25 3-2.5 3-5 0-2.21-1.79-4-4-4z"
          />
        </svg>
      </span>
      How do the raffle methods work?
    </button>
    <div
      class="sc-dmsmPq iZYOat"
    >
      <div
        class="sc-eoeTJ ccZOxH"
      >
        <label
          class="sc-brmsbW jnGeCM"
          for="number-display"
        >
          Animation duration (seconds)
        </label>
        <button
          aria-label="Decrease by one"
          class="sc-ksRfhj gTNbPm"
          type="button"
        >
          -
        </button>
        <input
          class="sc-hBhkkI bEPDRa"
          id="number-display"
          value="7"
        />
        <button
          aria-label="Increase by one"
          class="sc-ksRfhj lhGgfe"
          type="button"
        >
          +
        </button>
      </div>
    </div>
    <button
      class="sc-hIjUsD hVbkQ"
      type="button"
    >
      Roll it!
      <div
        class="btn-hover"
      />
    </button>
  </div>
  <div>
    streamchange.components.StreamInfo.LOS
  </div>
  <div
    data-testid="ad-frame"
  />
</div>
`;
