// Jest Snapshot v1, https://goo.gl/fbAQLP

exports[`<WinnerView /> should render and match the snapshot 1`] = `
<ForwardRef>
  <ForwardRef>
    Zwycięzca
  </ForwardRef>
  <span>
    Ładowanie...
  </span>
  <ForwardRef
    onClick={[Function]}
    type="button"
  >
    Powrót
  </ForwardRef>
</ForwardRef>
`;
