// Jest Snapshot v1, https://goo.gl/fbAQLP

exports[`<YoutubeWorker /> should match the snapshot 1`] = `
<div
  className="YoutubeWorker__ThreeSections-dpgts1-0 cjrDdj"
>
  <div
    className="UserList__UserListPanel-sc-7bgn44-0 gjWqbF"
  >
    <h2
      className="PanelTitle-sc-100fqnu-0 dfyaea"
    >
      <span>
        Users
      </span>
    </h2>
    <div
      className="MuiFormControl-root MuiTextField-root StyledTextField-sc-1otd4ny-0 dczFRm MuiFormControl-marginDense MuiFormControl-fullWidth"
    >
      <label
        className="MuiFormLabel-root MuiInputLabel-root MuiInputLabel-formControl MuiInputLabel-animated MuiInputLabel-marginDense"
        data-shrink={false}
      >
        Search
      </label>
      <div
        className="MuiInputBase-root MuiInput-root MuiInput-underline MuiInputBase-fullWidth MuiInput-fullWidth MuiInputBase-formControl MuiInput-formControl MuiInputBase-marginDense"
        onClick={[Function]}
      >
        <input
          aria-invalid={false}
          autoFocus={true}
          className="MuiInputBase-input MuiInput-input MuiInputBase-inputMarginDense MuiInput-inputMarginDense"
          disabled={false}
          name="search"
          onBlur={[Function]}
          onChange={[Function]}
          onFocus={[Function]}
          required={false}
          type="text"
          value=""
        />
      </div>
    </div>
    <ul
      className="UserList__Ul-sc-7bgn44-1 dFcjyK"
    />
    <button
      className="MuiButtonBase-root MuiButton-root UserList__StyledButton-sc-7bgn44-2 hMUTnL MuiButton-text"
      disabled={false}
      onBlur={[Function]}
      onClick={[Function]}
      onDragLeave={[Function]}
      onFocus={[Function]}
      onKeyDown={[Function]}
      onKeyUp={[Function]}
      onMouseDown={[Function]}
      onMouseLeave={[Function]}
      onMouseUp={[Function]}
      onTouchEnd={[Function]}
      onTouchMove={[Function]}
      onTouchStart={[Function]}
      tabIndex={0}
      type="button"
    >
      <span
        className="MuiButton-label"
      >
        <span>
          Clear all
        </span>
      </span>
      <span
        className="MuiTouchRipple-root"
      />
    </button>
    <span
      className="UserList__Counts-sc-7bgn44-3 hhpEOQ"
    >
      <span>
        0 out of 0 are participating
      </span>
    </span>
  </div>
  <div
    className="Panel-sc-15d2ub8-0 hhnpCF"
  >
    <h2
      className="PanelTitle-sc-100fqnu-0 dfyaea"
    >
      <span>
        Giveaway rules
      </span>
    </h2>
    <button
      className="GiveawayRules__UserTypeButton-sc-142hb20-0 bmMAMZ"
      name="forMods"
      onClick={[Function]}
      type="button"
    >
      <span>
        Moderators
      </span>
    </button>
    <button
      className="GiveawayRules__UserTypeButton-sc-142hb20-0 bmMAMZ"
      name="forSponsors"
      onClick={[Function]}
      type="button"
    >
      <span>
        Sponsors
      </span>
    </button>
    <button
      className="GiveawayRules__UserTypeButton-sc-142hb20-0 bmMAMZ"
      name="forRegulars"
      onClick={[Function]}
      type="button"
    >
      <span>
        Regulars
      </span>
    </button>
    <div
      className="MuiFormControl-root MuiTextField-root StyledTextField-sc-1otd4ny-0 dczFRm MuiFormControl-marginDense MuiFormControl-fullWidth"
    >
      <label
        className="MuiFormLabel-root MuiInputLabel-root MuiInputLabel-formControl MuiInputLabel-animated MuiInputLabel-marginDense"
        data-shrink={false}
      >
        Prize (optional)
      </label>
      <div
        className="MuiInputBase-root MuiInput-root MuiInput-underline MuiInputBase-fullWidth MuiInput-fullWidth MuiInputBase-formControl MuiInput-formControl MuiInputBase-marginDense"
        onClick={[Function]}
      >
        <input
          aria-invalid={false}
          autoFocus={true}
          className="MuiInputBase-input MuiInput-input MuiInputBase-inputMarginDense MuiInput-inputMarginDense"
          disabled={false}
          name="prize"
          onBlur={[Function]}
          onChange={[Function]}
          onFocus={[Function]}
          required={false}
          type="text"
          value={null}
        />
      </div>
    </div>
    <div
      className="MuiFormControl-root MuiTextField-root StyledTextField-sc-1otd4ny-0 dczFRm MuiFormControl-marginDense MuiFormControl-fullWidth"
    >
      <label
        className="MuiFormLabel-root MuiInputLabel-root MuiInputLabel-formControl MuiInputLabel-animated MuiInputLabel-marginDense"
        data-shrink={false}
        htmlFor="keyword"
      >
        Keyword
      </label>
      <div
        className="MuiInputBase-root MuiInput-root MuiInput-underline MuiInputBase-fullWidth MuiInput-fullWidth MuiInputBase-formControl MuiInput-formControl MuiInputBase-adornedEnd MuiInputBase-marginDense"
        onClick={[Function]}
      >
        <input
          aria-invalid={false}
          autoFocus={true}
          className="MuiInputBase-input MuiInput-input MuiInputBase-inputAdornedEnd MuiInputBase-inputMarginDense MuiInput-inputMarginDense"
          disabled={false}
          id="keyword"
          name="keyword"
          onBlur={[Function]}
          onChange={[Function]}
          onFocus={[Function]}
          required={false}
          type="text"
          value=""
        />
        <div
          className="MuiInputAdornment-root MuiInputAdornment-positionEnd MuiInputAdornment-marginDense"
        >
          <button
            aria-describedby={null}
            aria-label="toggle keyword visibility"
            className="KeywordInput__ToggleVisibilityBtn-sc-1i66nol-0 ldEhFZ"
            name="showKeyword"
            onBlur={[Function]}
            onClick={[Function]}
            onFocus={[Function]}
            onMouseLeave={[Function]}
            onMouseOver={[Function]}
            onTouchEnd={[Function]}
            onTouchStart={[Function]}
            title="Toggle keyword visibility"
            type="button"
          >
            <svg
              height="24"
              viewBox="0 0 24 24"
              width="24"
            >
              <path
                d="M0 0h24v24H0z"
                fill="none"
              />
              <path
                d="M12 4.5C7 4.5 2.73 7.61 1 12c1.73 4.39 6 7.5 11 7.5s9.27-3.11 11-7.5c-1.73-4.39-6-7.5-11-7.5zM12 17c-2.76 0-5-2.24-5-5s2.24-5 5-5 5 2.24 5 5-2.24 5-5 5zm0-8c-1.66 0-3 1.34-3 3s1.34 3 3 3 3-1.34 3-3-1.34-3-3-3z"
              />
            </svg>
          </button>
        </div>
      </div>
    </div>
    <div>
      <div
        className="MuiFormControl-root RaffleWrapper__StyledFormControl-emso03-1 jqDDzA MuiFormControl-marginNormal"
      >
        <label
          className="MuiFormLabel-root MuiInputLabel-root MuiInputLabel-formControl MuiInputLabel-animated MuiInputLabel-shrink MuiFormLabel-filled"
          data-shrink={true}
          id="animation-select"
        >
          <span>
            Animation
          </span>
        </label>
        <div
          className="MuiInputBase-root MuiInput-root MuiInput-underline MuiInputBase-formControl MuiInput-formControl"
          labelId="animation-label"
          onClick={[Function]}
        >
          <div
            aria-haspopup="listbox"
            className="MuiSelect-root MuiSelect-select MuiSelect-selectMenu MuiInputBase-input MuiInput-input MuiInputBase-inputSelect"
            onBlur={[Function]}
            onClick={[Function]}
            onFocus={[Function]}
            onKeyDown={[Function]}
            role="button"
            tabIndex={0}
          >
            <span>
              CS:GO case opening
            </span>
          </div>
          <input
            type="hidden"
            value={0}
          />
          <svg
            aria-hidden="true"
            className="MuiSvgIcon-root MuiSelect-icon"
            focusable="false"
            role="presentation"
            viewBox="0 0 24 24"
          >
            <path
              d="M7 10l5 5 5-5z"
            />
          </svg>
        </div>
      </div>
      <div
        className="NumericInput__Container-sc-2ueyqw-0 iGHMIM"
      >
        <div
          className="NumericInput__Label-sc-2ueyqw-1 fqrMbr"
        >
          Animation duration (seconds)
        </div>
        <button
          className="NumericInput__Button-sc-2ueyqw-2 jSXsrE"
          onClick={[Function]}
          type="button"
        >
          -
        </button>
        <input
          className="NumericInput__NumberDisplay-sc-2ueyqw-3 iputsX"
          onBlur={[Function]}
          onChange={[Function]}
          value={7}
        />
        <button
          className="NumericInput__Button-sc-2ueyqw-2 bqvYTn"
          onClick={[Function]}
          type="button"
        >
          +
        </button>
      </div>
      <button
        className="RaffleWrapper__StartButton-emso03-0 hsCXbs"
        disabled={false}
        onClick={[Function]}
        type="button"
      >
        <span>
          Roll it!
        </span>
      </button>
    </div>
  </div>
  <div
    className="Panel-sc-15d2ub8-0 hhnpCF"
  >
    <h2
      className="PanelTitle-sc-100fqnu-0 dfyaea"
    >
      <span>
        Chat
      </span>
    </h2>
    <iframe
      className="chat-frame ChatEmbed__ChatFrame-g1101a-0 bRtIsU"
      src="https://www.youtube.com/live_chat?v=vidId&embed_domain=localhost"
      title="Youtube Chat"
    />
  </div>
</div>
`;
