// Jest Snapshot v1, https://goo.gl/fbAQLP

exports[`<SuperChat /> should render and match the snapshot 1`] = `
<SuperChat__OuterFrame>
  <SuperChat__TopBar>
    <SuperChat__Logo
      alt="logo"
      src="url"
    />
     
    title
  </SuperChat__TopBar>
  <SuperChat__MessageContent>
    message
  </SuperChat__MessageContent>
</SuperChat__OuterFrame>
`;
