// Jest Snapshot v1, https://goo.gl/fbAQLP

exports[`<AdFrame /> should render and match the snapshot 1`] = `
<div>
  <AdFrame__AdPlaceholder>
    <span>
      <FormattedMessage
        defaultMessage="This is a place for your advertisement. Prices starts from 10 PLN per day. Your ad will reach thousands of viewers."
        id="streamchange.components.AdFrame.emptyAdPlaceholder"
        values={Object {}}
      />
    </span>
    <WithStyles(ForwardRef(Button))
      color="primary"
      onClick={[Function]}
    >
      <FormattedMessage
        defaultMessage="Show the details"
        id="streamchange.components.AdFrame.showMoreButton"
        values={Object {}}
      />
    </WithStyles(ForwardRef(Button))>
  </AdFrame__AdPlaceholder>
  <WithStyles(ForwardRef(Dialog))
    aria-labelledby="form-dialog-title"
    onClose={[Function]}
    open={false}
  >
    <WithStyles(ForwardRef(DialogTitle))
      id="form-dialog-title"
    >
      <FormattedMessage
        defaultMessage="Information for advertisers"
        id="streamchange.components.AdFrame.dialogTitle"
        values={Object {}}
      />
    </WithStyles(ForwardRef(DialogTitle))>
    <WithStyles(ForwardRef(DialogContent))>
      <WithStyles(ForwardRef(DialogContentText))>
        <FormattedMessage
          defaultMessage="There are three possible forms of ad: Youtube channel (clickable logo, title, few sentences), Youtube video (embedded video with some text), clickable banner."
          id="streamchange.components.AdFrame.dialogFirstLine"
          values={Object {}}
        />
      </WithStyles(ForwardRef(DialogContentText))>
      <WithStyles(ForwardRef(DialogContentText))>
        <FormattedMessage
          defaultMessage="If you chose full version, your ad will be displayed on every stream that will show streamchange app that day. Bank transfer is a preferred payment method."
          id="streamchange.components.AdFrame.dialogSecondLine"
          values={Object {}}
        />
      </WithStyles(ForwardRef(DialogContentText))>
      <WithStyles(ForwardRef(DialogContentText))>
        <FormattedMessage
          defaultMessage="Contact:"
          id="streamchange.components.AdFrame.dialogThirdLine"
          values={Object {}}
        />
        <WithStyles(ForwardRef(Typography))>
          Discord: Baf#5501
        </WithStyles(ForwardRef(Typography))>
        <AdFrame__ColoredLink
          href="https://www.facebook.com/BafYT/"
        >
          https://www.facebook.com/BafYT/
        </AdFrame__ColoredLink>
        <AdFrame__ColoredLink
          href="https://www.instagram.com/grafika3d/"
        >
          Instagram grafika3d
        </AdFrame__ColoredLink>
      </WithStyles(ForwardRef(DialogContentText))>
    </WithStyles(ForwardRef(DialogContent))>
    <WithStyles(ForwardRef(DialogActions))>
      <WithStyles(ForwardRef(Button))
        color="secondary"
        onClick={[Function]}
      >
        <FormattedMessage
          defaultMessage="Close"
          id="streamchange.components.AdFrame.dialogCloseButton"
          values={Object {}}
        />
      </WithStyles(ForwardRef(Button))>
    </WithStyles(ForwardRef(DialogActions))>
  </WithStyles(ForwardRef(Dialog))>
</div>
`;
