// Jest Snapshot v1, https://goo.gl/fbAQLP

exports[`<PromotedBanner /> should render and match the snapshot 1`] = `
<PromotedBanner__PromotedContentWrapper
  offset={0}
>
  <PromotedBanner__AdTitle>
    <FormattedMessage
      defaultMessage="Advertisement"
      id="streamchange.components.AdFrame.title"
      values={Object {}}
    />
  </PromotedBanner__AdTitle>
  <a
    href="https://www.youtube.com/channel/UC3GumCi7taJQ0wWbKK-hR2w"
    target="_blank"
  >
    <PromotedBanner__Image
      onLoad={[Function]}
      src="url"
    />
  </a>
</PromotedBanner__PromotedContentWrapper>
`;
