// Vitest Snapshot v1, https://vitest.dev/guide/snapshot.html

exports[`<SuperChat /> > should render and match the snapshot 1`] = `
<div
  class="sc-bdvvNz jfyHmP"
>
  <div
    class="sc-gsDLFA eVvLkj"
  >
    <img
      alt="logo"
      class="sc-dkPvMp irXFLd"
      src="url"
    />
     
    title
  </div>
  <span
    class="sc-hKwAaq qZbOf"
  >
    message
  </span>
</div>
`;
