// Jest Snapshot v1, https://goo.gl/fbAQLP

exports[`<FortuneWheelRaffle /> should render and match the snapshot 1`] = `
<DialogRoot>
  <button
    aria-label="stop the wheel immediately"
    className="dialog-backdrop"
    onClick={[Function]}
    type="button"
  />
  <RaffleDialog>
    <FortuneWheelRaffle__WheelMovable
      style={
        Object {
          "position": "absolute",
          "transform": "rotate(0deg)",
          "transitionDuration": "7s",
        }
      }
    >
      <FortuneWheelRaffle__WheelImg
        src="IMAGE_MOCK"
      />
    </FortuneWheelRaffle__WheelMovable>
    <FortuneWheelRaffle__WheelBorder
      src="IMAGE_MOCK"
    />
    <RaffleWinner
      style={
        Object {
          "animationDelay": "7.1s",
        }
      }
    />
  </RaffleDialog>
</DialogRoot>
`;
