// Vitest Snapshot v1, https://vitest.dev/guide/snapshot.html

exports[`<SuperChat /> > should render and match the snapshot 1`] = `
<div
  class="sc-bcHNtg ezxDnu"
>
  <div
    class="sc-gsMGyr bbefay"
  >
    <img
      alt="logo"
      class="sc-dkHxwO dlPtfp"
      src="url"
    />
     
    title
  </div>
  <span
    class="sc-hLllbt jkLUtP"
  >
    message
  </span>
</div>
`;
