// Jest Snapshot v1, https://goo.gl/fbAQLP

exports[`<QueueRules /> should render and match the snapshot 1`] = `
<div
  class="sc-bdvvtL bfyUtR"
>
  <h2
    class="sc-gsDKAQ chMgaO"
  >
    <span>
      Queue rules
    </span>
  </h2>
  <div
    class="MuiFormControl-root MuiTextField-root sc-dkPtRN jhVsva MuiFormControl-marginDense MuiFormControl-fullWidth"
  >
    <label
      class="MuiFormLabel-root MuiInputLabel-root MuiInputLabel-formControl MuiInputLabel-animated MuiInputLabel-marginDense"
      data-shrink="false"
    >
      Command for joining the queue
    </label>
    <div
      class="MuiInputBase-root MuiInput-root MuiInput-underline MuiInputBase-fullWidth MuiInput-fullWidth MuiInputBase-formControl MuiInput-formControl MuiInputBase-marginDense MuiInput-marginDense"
    >
      <input
        aria-invalid="false"
        class="MuiInputBase-input MuiInput-input MuiInputBase-inputMarginDense MuiInput-inputMarginDense"
        name="command"
        type="text"
        value=""
      />
    </div>
  </div>
  <div
    class="MuiFormControl-root MuiTextField-root sc-dkPtRN jhVsva MuiFormControl-marginDense MuiFormControl-fullWidth"
  >
    <label
      class="MuiFormLabel-root MuiInputLabel-root MuiInputLabel-formControl MuiInputLabel-animated MuiInputLabel-shrink MuiInputLabel-marginDense MuiFormLabel-filled"
      data-shrink="true"
    >
      Queue capacity
    </label>
    <div
      class="MuiInputBase-root MuiInput-root MuiInput-underline MuiInputBase-fullWidth MuiInput-fullWidth MuiInputBase-formControl MuiInput-formControl MuiInputBase-marginDense MuiInput-marginDense"
    >
      <input
        aria-invalid="false"
        class="MuiInputBase-input MuiInput-input MuiInputBase-inputMarginDense MuiInput-inputMarginDense"
        name="capacity"
        type="number"
        value="10"
      />
    </div>
  </div>
  <div
    class="MuiFormControl-root MuiTextField-root sc-dkPtRN jhVsva MuiFormControl-marginDense MuiFormControl-fullWidth"
  >
    <label
      class="MuiFormLabel-root MuiInputLabel-root MuiInputLabel-formControl MuiInputLabel-animated MuiInputLabel-shrink MuiInputLabel-marginDense MuiFormLabel-filled"
      data-shrink="true"
    >
      Time without any message to mark as inactive (sec)
    </label>
    <div
      class="MuiInputBase-root MuiInput-root MuiInput-underline MuiInputBase-fullWidth MuiInput-fullWidth MuiInputBase-formControl MuiInput-formControl MuiInputBase-marginDense MuiInput-marginDense"
    >
      <input
        aria-invalid="false"
        class="MuiInputBase-input MuiInput-input MuiInputBase-inputMarginDense MuiInput-inputMarginDense"
        name="timeToIdle"
        type="number"
        value="600"
      />
    </div>
  </div>
  <div
    class="MuiFormControl-root MuiTextField-root sc-dkPtRN jhVsva MuiFormControl-marginDense MuiFormControl-fullWidth"
  >
    <label
      class="MuiFormLabel-root MuiInputLabel-root MuiInputLabel-formControl MuiInputLabel-animated MuiInputLabel-shrink MuiInputLabel-marginDense MuiFormLabel-filled"
      data-shrink="true"
    >
      Time without any message to kick (sec)
    </label>
    <div
      class="MuiInputBase-root MuiInput-root MuiInput-underline MuiInputBase-fullWidth MuiInput-fullWidth MuiInputBase-formControl MuiInput-formControl MuiInputBase-marginDense MuiInput-marginDense"
    >
      <input
        aria-invalid="false"
        class="MuiInputBase-input MuiInput-input MuiInputBase-inputMarginDense MuiInput-inputMarginDense"
        name="timeToKick"
        type="number"
        value="900"
      />
    </div>
  </div>
  <div
    class="MuiFormControl-root MuiTextField-root sc-dkPtRN jhVsva MuiFormControl-marginDense MuiFormControl-fullWidth"
  >
    <label
      class="MuiFormLabel-root MuiInputLabel-root MuiInputLabel-formControl MuiInputLabel-animated MuiInputLabel-shrink MuiInputLabel-marginDense Mui-focused Mui-focused"
      data-shrink="true"
    >
      Code for OBS widget with queue
    </label>
    <div
      class="MuiInputBase-root MuiInput-root MuiInput-underline MuiInputBase-fullWidth MuiInput-fullWidth Mui-focused Mui-focused MuiInputBase-formControl MuiInput-formControl MuiInputBase-marginDense MuiInput-marginDense"
    >
      <input
        aria-invalid="false"
        class="MuiInputBase-input MuiInput-input MuiInputBase-inputMarginDense MuiInput-inputMarginDense"
        name="widgetCode"
        type="password"
        value=""
      />
    </div>
  </div>
  <div
    style="display: inline-block;"
  >
    <button
      class="MuiButtonBase-root MuiButton-root MuiButton-text sc-hBUSln kPtqzs"
      tabindex="0"
      type="button"
    >
      <span
        class="MuiButton-label"
      >
        <span>
          Queue widget for OBS
        </span>
      </span>
      <span
        class="MuiTouchRipple-root"
      />
    </button>
  </div>
  <div>
    <div
      class="sc-bqiRlB dxwfnn"
    >
      <span>
        <span>
          This is a place for your advertisement. Prices starts from 10 PLN per day. Your ad will reach thousands of viewers.
        </span>
      </span>
      <button
        class="MuiButtonBase-root MuiButton-root MuiButton-text MuiButton-textPrimary"
        tabindex="0"
        type="button"
      >
        <span
          class="MuiButton-label"
        >
          <span>
            Show the details
          </span>
        </span>
        <span
          class="MuiTouchRipple-root"
        />
      </button>
    </div>
  </div>
</div>
`;
