// Jest Snapshot v1, https://goo.gl/fbAQLP

exports[`<QueueRules /> should render and match the snapshot 1`] = `
<div
  class="sc-bdvvtL edLmX"
>
  <h2
    class="sc-gsDKAQ gzLYbA"
  >
    Queue rules
  </h2>
  <div
    aria-label="keyword"
    class="MuiFormControl-root MuiFormControl-marginDense MuiFormControl-fullWidth MuiTextField-root sc-hKwDye fWArNR css-1z10yd4-MuiFormControl-root-MuiTextField-root"
    data-mui-internal-clone-element="true"
  >
    <label
      class="MuiInputLabel-root MuiInputLabel-formControl MuiInputLabel-animated MuiInputLabel-standard MuiFormLabel-root MuiFormLabel-colorPrimary css-aqpgxn-MuiFormLabel-root-MuiInputLabel-root"
      data-shrink="false"
      for="mui-1"
      id="mui-1-label"
    >
      Command for joining the queue
    </label>
    <div
      class="MuiInput-root MuiInput-underline MuiInputBase-root MuiInputBase-colorPrimary MuiInputBase-fullWidth MuiInputBase-formControl css-ghsjzk-MuiInputBase-root-MuiInput-root"
    >
      <input
        aria-invalid="false"
        class="MuiInput-input MuiInputBase-input css-1x51dt5-MuiInputBase-input-MuiInput-input"
        id="mui-1"
        name="command"
        type="text"
        value=""
      />
    </div>
  </div>
  <div
    aria-label="keyword"
    class="MuiFormControl-root MuiFormControl-marginDense MuiFormControl-fullWidth MuiTextField-root sc-hKwDye fWArNR css-1z10yd4-MuiFormControl-root-MuiTextField-root"
    data-mui-internal-clone-element="true"
  >
    <label
      class="MuiInputLabel-root MuiInputLabel-formControl MuiInputLabel-animated MuiInputLabel-shrink MuiInputLabel-standard MuiFormLabel-root MuiFormLabel-colorPrimary MuiFormLabel-filled css-1c2i806-MuiFormLabel-root-MuiInputLabel-root"
      data-shrink="true"
      for="mui-3"
      id="mui-3-label"
    >
      Queue capacity
    </label>
    <div
      class="MuiInput-root MuiInput-underline MuiInputBase-root MuiInputBase-colorPrimary MuiInputBase-fullWidth MuiInputBase-formControl css-ghsjzk-MuiInputBase-root-MuiInput-root"
    >
      <input
        aria-invalid="false"
        class="MuiInput-input MuiInputBase-input css-1x51dt5-MuiInputBase-input-MuiInput-input"
        id="mui-3"
        name="capacity"
        type="number"
        value="10"
      />
    </div>
  </div>
  <div
    class="MuiFormControl-root MuiFormControl-marginDense MuiFormControl-fullWidth MuiTextField-root sc-hKwDye fWArNR css-1z10yd4-MuiFormControl-root-MuiTextField-root"
  >
    <label
      class="MuiInputLabel-root MuiInputLabel-formControl MuiInputLabel-animated MuiInputLabel-shrink MuiInputLabel-standard MuiFormLabel-root MuiFormLabel-colorPrimary MuiFormLabel-filled css-1c2i806-MuiFormLabel-root-MuiInputLabel-root"
      data-shrink="true"
      for="mui-5"
      id="mui-5-label"
    >
      Time without any message to mark as inactive (sec)
    </label>
    <div
      class="MuiInput-root MuiInput-underline MuiInputBase-root MuiInputBase-colorPrimary MuiInputBase-fullWidth MuiInputBase-formControl css-ghsjzk-MuiInputBase-root-MuiInput-root"
    >
      <input
        aria-invalid="false"
        class="MuiInput-input MuiInputBase-input css-1x51dt5-MuiInputBase-input-MuiInput-input"
        id="mui-5"
        name="timeToIdle"
        type="number"
        value="600"
      />
    </div>
  </div>
  <div
    class="MuiFormControl-root MuiFormControl-marginDense MuiFormControl-fullWidth MuiTextField-root sc-hKwDye fWArNR css-1z10yd4-MuiFormControl-root-MuiTextField-root"
  >
    <label
      class="MuiInputLabel-root MuiInputLabel-formControl MuiInputLabel-animated MuiInputLabel-shrink MuiInputLabel-standard MuiFormLabel-root MuiFormLabel-colorPrimary MuiFormLabel-filled css-1c2i806-MuiFormLabel-root-MuiInputLabel-root"
      data-shrink="true"
      for="mui-6"
      id="mui-6-label"
    >
      Time without any message to kick (sec)
    </label>
    <div
      class="MuiInput-root MuiInput-underline MuiInputBase-root MuiInputBase-colorPrimary MuiInputBase-fullWidth MuiInputBase-formControl css-ghsjzk-MuiInputBase-root-MuiInput-root"
    >
      <input
        aria-invalid="false"
        class="MuiInput-input MuiInputBase-input css-1x51dt5-MuiInputBase-input-MuiInput-input"
        id="mui-6"
        name="timeToKick"
        type="number"
        value="900"
      />
    </div>
  </div>
  <div
    class="MuiFormControl-root MuiFormControl-marginDense MuiFormControl-fullWidth MuiTextField-root sc-hKwDye fWArNR css-1z10yd4-MuiFormControl-root-MuiTextField-root"
  >
    <label
      class="MuiInputLabel-root MuiInputLabel-formControl MuiInputLabel-animated MuiInputLabel-shrink MuiInputLabel-standard MuiFormLabel-root MuiFormLabel-colorPrimary Mui-focused css-1c2i806-MuiFormLabel-root-MuiInputLabel-root"
      data-shrink="true"
      for="mui-7"
      id="mui-7-label"
    >
      Code for OBS widget with queue
    </label>
    <div
      class="MuiInput-root MuiInput-underline MuiInputBase-root MuiInputBase-colorPrimary MuiInputBase-fullWidth Mui-focused MuiInputBase-formControl css-ghsjzk-MuiInputBase-root-MuiInput-root"
    >
      <input
        aria-invalid="false"
        class="MuiInput-input MuiInputBase-input css-1x51dt5-MuiInputBase-input-MuiInput-input"
        id="mui-7"
        name="widgetCode"
        type="password"
        value=""
      />
    </div>
  </div>
  <div
    style="display: inline-block;"
  >
    <button
      class="MuiButton-root MuiButton-text MuiButton-textPrimary MuiButton-sizeMedium MuiButton-textSizeMedium MuiButtonBase-root sc-fotOHu jklEfd css-1e6y48t-MuiButtonBase-root-MuiButton-root"
      tabindex="0"
      type="button"
    >
      Queue widget for OBS
      <span
        class="MuiTouchRipple-root css-8je8zh-MuiTouchRipple-root"
      />
    </button>
  </div>
  <div>
    <div
      class="sc-hBUSln iXsoMr"
    >
      <span>
        This is a place for your advertisement. Prices starts from 10 PLN per day. Your ad will reach thousands of viewers.
      </span>
      <button
        class="MuiButton-root MuiButton-text MuiButton-textPrimary MuiButton-sizeMedium MuiButton-textSizeMedium MuiButtonBase-root  css-1e6y48t-MuiButtonBase-root-MuiButton-root"
        tabindex="0"
        type="button"
      >
        Show the details
        <span
          class="MuiTouchRipple-root css-8je8zh-MuiTouchRipple-root"
        />
      </button>
    </div>
  </div>
</div>
`;
