// Vitest Snapshot v1, https://vitest.dev/guide/snapshot.html

exports[`<FortuneWheelRaffle /> > should render and match the snapshot 1`] = `
<div
  class="fwheel-root"
>
  <button
    aria-label="stop the wheel immediately"
    class="fwheel-backdrop"
    type="button"
  />
  <div
    class="fwheel-dialog"
  >
    <div
      class="fwheel-box"
    >
      <div
        class="fwheel-movable"
      >
        <svg
          class="fwheel-svg"
          viewBox="-300 -300 600 600"
        >
          <defs>
            <radialgradient
              cx="0.4"
              cy="0.35"
              id="fwheel-hub-shine"
              r="0.9"
            >
              <stop
                offset="0%"
                stop-color="#ffffff"
              />
              <stop
                offset="100%"
                stop-color="#d2d6db"
              />
            </radialgradient>
          </defs>
          <circle
            fill="none"
            r="297"
            stroke="#ffffff"
            stroke-width="6"
          />
          <circle
            class="fwheel-hub"
            fill="url(#fwheel-hub-shine)"
            r="40"
            stroke="#c3c8ce"
            stroke-width="1.5"
          />
        </svg>
      </div>
      <div
        class="fwheel-needle"
      />
    </div>
    <div
      class="fwheel-winner"
    >
      <span
        class="fwheel-winner-name"
      >
         
      </span>
      <button
        class="fwheel-close-btn"
        tabindex="-1"
        type="button"
      >
        Continue
      </button>
    </div>
  </div>
</div>
`;
