// Vitest Snapshot v1, https://vitest.dev/guide/snapshot.html

exports[`<FortuneWheelRaffle /> > should render and match the snapshot 1`] = `
<div
  class="sc-bcHNtg bKAayY"
>
  <button
    aria-label="stop the wheel immediately"
    class="dialog-backdrop"
    type="button"
  />
  <div
    class="sc-gsMGyr bTWryi"
  >
    <div
      class="sc-jTkVfb gvUOGQ"
      style="position: absolute; transform: rotate(0deg); transition-duration: 7s;"
    >
      <img
        class="sc-eDgbZQ kPcsNo"
        src="/src/components/FortuneWheelRaffle/assets/fortune-wheel-inner.png"
      />
    </div>
    <img
      class="sc-gLfMdy hDSKXz"
      src="/src/components/FortuneWheelRaffle/assets/fortune-wheel-outer.png"
    />
    <span
      class="sc-dkHxwO dMMEyI"
      style="animation-delay: 7.1s;"
    />
  </div>
</div>
`;
