// Jest Snapshot v1, https://goo.gl/fbAQLP

exports[`<HistoryTable /> should render and match the snapshot 1`] = `
<styled.table>
  <styled.thead>
    <tr>
      <td />
      <td>
        <styled.button
          id="displayName"
          onClick={[Function]}
          type="button"
        >
          <Memo(MemoizedFormattedMessage)
            defaultMessage="Channel name"
            id="streamchange.containers.History.header.name"
          />
          <ArrowUpIcon
            className=""
          />
        </styled.button>
      </td>
      <td>
        <styled.button
          id="prize"
          onClick={[Function]}
          type="button"
        >
          <Memo(MemoizedFormattedMessage)
            defaultMessage="Prize"
            id="streamchange.containers.History.header.prize"
          />
          <ArrowUpIcon
            className=""
          />
        </styled.button>
      </td>
      <td>
        <styled.button
          id="message"
          onClick={[Function]}
          type="button"
        >
          <Memo(MemoizedFormattedMessage)
            defaultMessage="Message"
            id="streamchange.containers.History.header.message"
          />
          <ArrowUpIcon
            className=""
          />
        </styled.button>
      </td>
      <td>
        <styled.button
          id="createdAt"
          onClick={[Function]}
          type="button"
        >
          <Memo(MemoizedFormattedMessage)
            defaultMessage="Date and time"
            id="streamchange.containers.History.header.date"
          />
          <ArrowUpIcon
            className="active descending"
          />
        </styled.button>
      </td>
    </tr>
  </styled.thead>
  <tbody>
    <HistoryItem
      channelId="id"
      createdAt="2019-12-24T07:27:56.273Z"
      displayName="name"
      imageUrl="url"
      message="test message"
      prize="trophy"
    />
  </tbody>
</styled.table>
`;
