// Vitest Snapshot v1, https://vitest.dev/guide/snapshot.html

exports[`<HistoryItem /> > should render and match the snapshot 1`] = `
<tr
  class="sc-jTkVfb blbFHO"
>
  <td
    class="sc-dkHxwO iIMYlR identity"
  >
    <a
      class="sc-hLllbt jnHasg"
      href="https://kick.com/id"
      rel="noopener noreferrer"
      target="_blank"
    >
      <img
        alt="abc"
        class="sc-bcHNtg gZoOUc"
        src="url"
      />
      <span
        class="sc-eDgbZQ dBTEgo"
      >
        abc
      </span>
    </a>
  </td>
  <td
    class="sc-dkHxwO iIMYlR text"
  >
    <span>
      prize
    </span>
  </td>
  <td
    class="sc-dkHxwO iIMYlR text"
  >
    <span>
      abc
    </span>
  </td>
  <td
    class="sc-dkHxwO iIMYlR text"
  >
    <span>
      December 24, 2019
       8:27
    </span>
  </td>
</tr>
`;
