// Vitest Snapshot v1, https://vitest.dev/guide/snapshot.html

exports[`<HistoryTable /> > should render and match the snapshot 1`] = `
<table
  class="sc-hKwAaq hXtKnu"
>
  <thead
    class="sc-jRQzZg PIKSn"
  >
    <tr>
      <td />
      <td>
        <button
          class="sc-eCIkhf bJeZiM"
          id="displayName"
          type="button"
        >
          Channel name
          <svg
            class="sc-bdvvNz gCchtE"
            height="24"
            viewBox="0 0 24 24"
            width="24"
            xmlns="http://www.w3.org/2000/svg"
          >
            <path
              d="M0 0h24v24H0V0z"
              fill="none"
            />
            <path
              d="M4 12l1.41 1.41L11 7.83V20h2V7.83l5.58 5.59L20 12l-8-8-8 8z"
            />
          </svg>
        </button>
      </td>
      <td>
        <button
          class="sc-eCIkhf bJeZiM"
          id="prize"
          type="button"
        >
          Prize
          <svg
            class="sc-bdvvNz gCchtE"
            height="24"
            viewBox="0 0 24 24"
            width="24"
            xmlns="http://www.w3.org/2000/svg"
          >
            <path
              d="M0 0h24v24H0V0z"
              fill="none"
            />
            <path
              d="M4 12l1.41 1.41L11 7.83V20h2V7.83l5.58 5.59L20 12l-8-8-8 8z"
            />
          </svg>
        </button>
      </td>
      <td>
        <button
          class="sc-eCIkhf bJeZiM"
          id="message"
          type="button"
        >
          Message
          <svg
            class="sc-bdvvNz gCchtE"
            height="24"
            viewBox="0 0 24 24"
            width="24"
            xmlns="http://www.w3.org/2000/svg"
          >
            <path
              d="M0 0h24v24H0V0z"
              fill="none"
            />
            <path
              d="M4 12l1.41 1.41L11 7.83V20h2V7.83l5.58 5.59L20 12l-8-8-8 8z"
            />
          </svg>
        </button>
      </td>
      <td>
        <button
          class="sc-eCIkhf bJeZiM"
          id="createdAt"
          type="button"
        >
          Date and time
          <svg
            class="sc-bdvvNz gCchtE active descending"
            height="24"
            viewBox="0 0 24 24"
            width="24"
            xmlns="http://www.w3.org/2000/svg"
          >
            <path
              d="M0 0h24v24H0V0z"
              fill="none"
            />
            <path
              d="M4 12l1.41 1.41L11 7.83V20h2V7.83l5.58 5.59L20 12l-8-8-8 8z"
            />
          </svg>
        </button>
      </td>
    </tr>
  </thead>
  <tbody>
    <tr
      class="sc-dkPvMp ivXbmo"
    >
      <td
        class="sc-gsDLFA lpefwi image"
      >
        <a
          href="https://kick.com/id"
          rel="noopener noreferrer"
          target="_blank"
        >
          <img
            alt="Logo"
            height="45px"
            src="url"
          />
        </a>
      </td>
      <td
        class="sc-gsDLFA lpefwi textLeft"
      >
        <span>
          name
        </span>
      </td>
      <td
        class="sc-gsDLFA lpefwi text"
      >
        <span>
          trophy
        </span>
      </td>
      <td
        class="sc-gsDLFA lpefwi text"
      >
        <span>
          test message
        </span>
      </td>
      <td
        class="sc-gsDLFA lpefwi text"
      >
        <span>
          December 24, 2019
           8:27
        </span>
      </td>
    </tr>
  </tbody>
</table>
`;
