// Jest Snapshot v1, https://goo.gl/fbAQLP

exports[`<HomePage /> should render and match the snapshot 1`] = `
<div
  class="FirstUseScreen__Backdrop-sc-18wtu21-0 kRYRQJ"
>
  <span
    class="FirstUseScreen__Title-sc-18wtu21-1 cUQLCS"
  >
    <span>
      Welcome to StreamChange
    </span>
  </span>
  <div>
    <span
      class="FirstUseScreen__Title-sc-18wtu21-1 cUQLCS"
    >
      <span>
        Select theme
      </span>
    </span>
    <label
      for="themeLight"
    >
      <input
        checked=""
        class="FirstUseScreen__RadioInput-sc-18wtu21-2 hzFsnN"
        id="themeLight"
        name="theme"
        type="radio"
        value="0"
      />
      <div
        class="FirstUseScreen__Box-sc-18wtu21-3 fNpMrm box"
      >
        <img
          alt="light"
          class="FirstUseScreen__ThemeImg-sc-18wtu21-8 ljEAMx"
          src="IMAGE_MOCK"
        />
        <span
          class="FirstUseScreen__Tile-sc-18wtu21-5 lbarjY"
        >
          <span>
            Light
          </span>
        </span>
      </div>
    </label>
    <label
      for="themeDark"
    >
      <input
        class="FirstUseScreen__RadioInput-sc-18wtu21-2 hzFsnN"
        id="themeDark"
        name="theme"
        type="radio"
        value="1"
      />
      <div
        class="FirstUseScreen__Box-sc-18wtu21-3 eVbKMi box"
      >
        <img
          alt="dark"
          class="FirstUseScreen__ThemeImg-sc-18wtu21-8 ljEAMx"
          src="IMAGE_MOCK"
        />
        <span
          class="FirstUseScreen__Tile-sc-18wtu21-5 lbarjY"
        >
          <span>
            Dark
          </span>
        </span>
      </div>
    </label>
  </div>
  <div>
    <span
      class="FirstUseScreen__Title-sc-18wtu21-1 cUQLCS"
    >
      <span>
        Select language
      </span>
    </span>
    <label
      for="pl"
    >
      <input
        class="FirstUseScreen__RadioInput-sc-18wtu21-2 hzFsnN"
        id="pl"
        name="language"
        type="radio"
        value="pl"
      />
      <div
        class="FirstUseScreen__LangBox-sc-18wtu21-4 kZNYNM box"
      >
        <span
          class="FirstUseScreen__LangTile-sc-18wtu21-6 jLgNnf"
        >
          <img
            alt="pl"
            class="FirstUseScreen__Flag-sc-18wtu21-7 jIbley"
            src="IMAGE_MOCK"
          />
          <span>
            pl
          </span>
        </span>
      </div>
    </label>
    <label
      for="en"
    >
      <input
        checked=""
        class="FirstUseScreen__RadioInput-sc-18wtu21-2 hzFsnN"
        id="en"
        name="language"
        type="radio"
        value="en"
      />
      <div
        class="FirstUseScreen__LangBox-sc-18wtu21-4 TdfuY box"
      >
        <span
          class="FirstUseScreen__LangTile-sc-18wtu21-6 jLgNnf"
        >
          <img
            alt="en"
            class="FirstUseScreen__Flag-sc-18wtu21-7 jIbley"
            src="IMAGE_MOCK"
          />
          <span>
            en
          </span>
        </span>
      </div>
    </label>
  </div>
  <div>
    <button
      class="MuiButtonBase-root MuiButton-root MuiButton-text FirstUseScreen__StyledButton-sc-18wtu21-9 ebjHJy"
      tabindex="0"
      type="button"
    >
      <span
        class="MuiButton-label"
      >
        <span>
          Save
        </span>
      </span>
      <span
        class="MuiTouchRipple-root"
      />
    </button>
  </div>
  <div
    class="CookieConsent__Wrapper-sc-11ka7to-0 eviiNM"
  >
    <img
      alt="cookie"
      class="CookieConsent__Image-sc-11ka7to-1 bixBlA"
      src="IMAGE_MOCK"
    />
    <span
      class="CookieConsent__Description-sc-11ka7to-2 cgtSxg"
    >
      <span>
        This site uses only necessary functional cookies. There is no tracking or personalized ads based on cookies.
      </span>
    </span>
    <button
      class="CookieConsent__AcceptButton-sc-11ka7to-3 bJZjGr"
      type="button"
    >
      <span>
        Accept
      </span>
    </button>
  </div>
</div>
`;
