// Jest Snapshot v1, https://goo.gl/fbAQLP

exports[`<HomePage /> should render and match the snapshot 1`] = `
<div
  class="sc-furwcr bTfITO"
>
  <span
    class="sc-pVTFL ewAAfd"
  >
    <span>
      Welcome to StreamChange
    </span>
  </span>
  <div>
    <span
      class="sc-pVTFL ewAAfd"
    >
      <span>
        Select theme
      </span>
    </span>
    <label
      for="themeLight"
    >
      <input
        checked=""
        class="sc-jrQzAO gKHmgP"
        id="themeLight"
        name="theme"
        type="radio"
        value="0"
      />
      <div
        class="sc-kDTinF dqRTJY box"
      >
        <img
          alt="light"
          class="sc-ksdxgE BsMMj"
          src="IMAGE_MOCK"
        />
        <span
          class="sc-crHmcD ePdCJW"
        >
          <span>
            Light
          </span>
        </span>
      </div>
    </label>
    <label
      for="themeDark"
    >
      <input
        class="sc-jrQzAO gKHmgP"
        id="themeDark"
        name="theme"
        type="radio"
        value="1"
      />
      <div
        class="sc-kDTinF iamNNI box"
      >
        <img
          alt="dark"
          class="sc-ksdxgE BsMMj"
          src="IMAGE_MOCK"
        />
        <span
          class="sc-crHmcD ePdCJW"
        >
          <span>
            Dark
          </span>
        </span>
      </div>
    </label>
  </div>
  <div>
    <span
      class="sc-pVTFL ewAAfd"
    >
      <span>
        Select language
      </span>
    </span>
    <label
      for="pl"
    >
      <input
        class="sc-jrQzAO gKHmgP"
        id="pl"
        name="language"
        type="radio"
        value="pl"
      />
      <div
        class="sc-iqseJM btTgfy box"
      >
        <span
          class="sc-egiyK fkBTTA"
        >
          <img
            alt="pl"
            class="sc-bqiRlB dWqNkp"
            src="IMAGE_MOCK"
          />
          <span>
            pl
          </span>
        </span>
      </div>
    </label>
    <label
      for="en"
    >
      <input
        checked=""
        class="sc-jrQzAO gKHmgP"
        id="en"
        name="language"
        type="radio"
        value="en"
      />
      <div
        class="sc-iqseJM bPBVfO box"
      >
        <span
          class="sc-egiyK fkBTTA"
        >
          <img
            alt="en"
            class="sc-bqiRlB dWqNkp"
            src="IMAGE_MOCK"
          />
          <span>
            en
          </span>
        </span>
      </div>
    </label>
  </div>
  <div>
    <button
      class="MuiButtonBase-root MuiButton-root MuiButton-text sc-hBUSln hNbuja"
      tabindex="0"
      type="button"
    >
      <span
        class="MuiButton-label"
      >
        <span>
          Save
        </span>
      </span>
      <span
        class="MuiTouchRipple-root"
      />
    </button>
  </div>
  <div
    class="sc-eCImPb hlVgAE"
  >
    <img
      alt="cookie"
      class="sc-jRQBWg gcWUOg"
      src="IMAGE_MOCK"
    />
    <span
      class="sc-gKclnd jGrLhS"
    >
      <span>
        This site uses only necessary functional cookies. There is no tracking or personalized ads based on cookies.
      </span>
    </span>
    <button
      class="sc-iCfMLu iRwhql"
      type="button"
    >
      <span>
        Accept
      </span>
    </button>
  </div>
</div>
`;
