// Vitest Snapshot v1, https://vitest.dev/guide/snapshot.html

exports[`<NumericInput /> > should render and match the snapshot 1`] = `
<div
  class="sc-bcHNtg wNMdS"
>
  <label
    class="sc-gsMGyr fxFsfu"
    for="number-display"
  />
  <button
    aria-label="Decrease by one"
    class="sc-dkHxwO ljUzqj"
    type="button"
  >
    -
  </button>
  <input
    class="sc-hLllbt dHOWlz"
    id="number-display"
    value="0"
  />
  <button
    aria-label="Increase by one"
    class="sc-dkHxwO fAUUYz"
    type="button"
  >
    +
  </button>
</div>
`;
