// Vitest Snapshot v1, https://vitest.dev/guide/snapshot.html

exports[`<NumericInput /> > should render and match the snapshot 1`] = `
<div
  class="sc-bdvvNz HMcLL"
>
  <label
    class="sc-gsDLFA kvcsFL"
    for="number-display"
  />
  <button
    aria-label="Decrease by one"
    class="sc-dkPvMp kMpXUf"
    left="true"
    type="button"
  >
    -
  </button>
  <input
    class="sc-hKwAaq cxGXvX"
    id="number-display"
    value="0"
  />
  <button
    aria-label="Increase by one"
    class="sc-dkPvMp fLKweL"
    type="button"
  >
    +
  </button>
</div>
`;
