// Vitest Snapshot v1, https://vitest.dev/guide/snapshot.html

exports[`<NumericInput /> > should render and match the snapshot 1`] = `
<div
  class="sc-bcHNtg wNMdS"
>
  <label
    class="sc-gsMGyr bYolGE"
    for="number-display"
  />
  <button
    aria-label="Decrease by one"
    class="sc-dkHxwO eYaaLy"
    type="button"
  >
    -
  </button>
  <input
    class="sc-hLllbt eARvLq"
    id="number-display"
    value="0"
  />
  <button
    aria-label="Increase by one"
    class="sc-dkHxwO iLgnQS"
    type="button"
  >
    +
  </button>
</div>
`;
